 Container aegis-execute-api Stopping 
 Container aegis-flaresolverr Stopping 
 Container aegis-grafana Stopping 
 Container aegis-minio Stopping 
 Container aegis-predict Stopping 
 Container aegis-execute-drain Stopping 
 Container aegis-jaeger Stopping 
 Container aegis-flaresolverr Stopped 
 Container aegis-flaresolverr Removing 
 Container aegis-execute-drain Stopped 
 Container aegis-execute-drain Removing 
 Container aegis-flaresolverr Removed 
 Container aegis-execute-drain Removed 
 Container aegis-minio Stopped 
 Container aegis-minio Removing 
 Container aegis-minio Removed 
 Container aegis-grafana Stopped 
 Container aegis-grafana Removing 
 Container aegis-grafana Removed 
 Container aegis-prometheus Stopping 
 Container aegis-jaeger Stopped 
 Container aegis-jaeger Removing 
 Container aegis-jaeger Removed 
 Container aegis-predict Stopped 
 Container aegis-predict Removing 
 Container aegis-predict Removed 
 Container aegis-execute-api Stopped 
 Container aegis-execute-api Removing 
 Container aegis-execute-api Removed 
 Container aegis-redis Stopping 
 Container aegis-postgres Stopping 
 Container aegis-prometheus Stopped 
 Container aegis-prometheus Removing 
 Container aegis-prometheus Removed 
 Container aegis-redis Stopped 
 Container aegis-redis Removing 
 Container aegis-redis Removed 
 Container aegis-postgres Stopped 
 Container aegis-postgres Removing 
 Container aegis-postgres Removed 
 Network aegis Removing 
 Network aegis Resource is still in use 
